
> @institute/web@0.0.0 build C:\Users\Administrator\Desktop\Turkish-Admin-Panel\apps\web
> next build

  ▲ Next.js 14.2.35
  - Environments: .env.local

   Creating an optimized production build ...
 ✓ Compiled successfully
   Linting and checking validity of types ...
   Collecting page data ...
   Generating static pages (0/15) ...
   Generating static pages (3/15) 
   Generating static pages (7/15) 
   Generating static pages (11/15) 
 ✓ Generating static pages (15/15)
   Finalizing page optimization ...
   Collecting build traces ...

Route (app)                              Size     First Load JS
┌ ○ /                                    3.14 kB         208 kB
├ ○ /_not-found                          870 B          88.2 kB
├ ○ /admin/dashboard                     4.04 kB         187 kB
├ ○ /ayarlar                             4.43 kB         209 kB
├ ƒ /invite/[token]                      3.64 kB         187 kB
├ ○ /login                               3.71 kB         187 kB
├ ○ /ogrenciler                          3.23 kB         208 kB
├ ○ /ogretmenler                         3.24 kB         208 kB
├ ○ /program                             3.95 kB         208 kB
├ ○ /saat-takibi                         2.1 kB          184 kB
├ ○ /student/dashboard                   3.33 kB         208 kB
├ ○ /teacher/dashboard                   2.06 kB         184 kB
├ ○ /teacher/today                       6.02 kB         211 kB
└ ○ /uyarilar                            2.63 kB         207 kB
+ First Load JS shared by all            87.3 kB
  ├ chunks/406-be1617e018ab3121.js       31.7 kB
  ├ chunks/66632851-57a4d005fe7d9be2.js  53.6 kB
  └ other shared chunks (total)          1.95 kB


○  (Static)   prerendered as static content
ƒ  (Dynamic)  server-rendered on demand

